// Jest Snapshot v1, https://goo.gl/fbAQLP

exports[`renders ./components/button/demo/basic.md correctly 1`] = `
<div
  class="am-wingblank am-wingblank-lg"
>
  <a
    aria-disabled="false"
    class="am-button"
    role="button"
  >
    <span>
      default
    </span>
  </a>
  <div
    class="am-whitespace am-whitespace-md"
  />
  <a
    aria-disabled="true"
    class="am-button am-button-disabled"
    role="button"
  >
    <span>
      default disabled
    </span>
  </a>
  <div
    class="am-whitespace am-whitespace-md"
  />
  <a
    aria-disabled="false"
    class="am-button am-button-primary"
    role="button"
  >
    <span>
      primary
    </span>
  </a>
  <div
    class="am-whitespace am-whitespace-md"
  />
  <a
    aria-disabled="true"
    class="am-button am-button-primary am-button-disabled"
    role="button"
  >
    <span>
      primary disabled
    </span>
  </a>
  <div
    class="am-whitespace am-whitespace-md"
  />
  <a
    aria-disabled="false"
    class="am-button am-button-warning"
    role="button"
  >
    <span>
      warning
    </span>
  </a>
  <div
    class="am-whitespace am-whitespace-md"
  />
  <a
    aria-disabled="true"
    class="am-button am-button-warning am-button-disabled"
    role="button"
  >
    <span>
      warning disabled
    </span>
  </a>
  <div
    class="am-whitespace am-whitespace-md"
  />
  <a
    aria-disabled="false"
    class="am-button am-button-loading am-button-icon"
    role="button"
  >
    <svg
      aria-hidden="true"
      class="am-icon am-icon-loading am-icon-md"
    >
      <use
        xlink:href="#loading"
      />
    </svg>
    <span>
      loading button
    </span>
  </a>
  <div
    class="am-whitespace am-whitespace-md"
  />
  <a
    aria-disabled="false"
    class="am-button am-button-icon"
    role="button"
  >
    <svg
      aria-hidden="true"
      class="am-icon am-icon-check-circle-o am-icon-md"
    >
      <use
        xlink:href="#check-circle-o"
      />
    </svg>
    <span>
      with icon
    </span>
  </a>
  <div
    class="am-whitespace am-whitespace-md"
  />
  <a
    aria-disabled="false"
    class="am-button am-button-icon"
    role="button"
  >
    <svg
      aria-hidden="true"
      class="am-icon am-icon-reload am-icon-md"
    >
      <use
        xlink:href="#reload"
      />
    </svg>
    <span>
      with local icon
    </span>
  </a>
  <div
    class="am-whitespace am-whitespace-md"
  />
  <div
    class="am-whitespace am-whitespace-md"
  />
  <a
    aria-disabled="false"
    class="am-button am-button-primary am-button-inline"
    role="button"
    style="margin-right:0.08rem;"
  >
    <span>
      inline primary
    </span>
  </a>
  <a
    aria-disabled="false"
    class="am-button am-button-ghost am-button-inline"
    role="button"
    style="margin-right:0.08rem;"
  >
    <span>
      inline ghost
    </span>
  </a>
  <div
    class="am-whitespace am-whitespace-md"
  />
  <a
    aria-disabled="false"
    class="am-button am-button-primary am-button-small am-button-inline"
    role="button"
    style="margin-right:0.08rem;"
  >
    <span>
      primary
    </span>
  </a>
  <a
    aria-disabled="true"
    class="am-button am-button-primary am-button-small am-button-inline am-button-disabled"
    role="button"
  >
    <span>
      primary disabled
    </span>
  </a>
  <div
    class="am-whitespace am-whitespace-md"
  />
  <a
    aria-disabled="false"
    class="am-button am-button-ghost am-button-small am-button-inline"
    role="button"
    style="margin-right:0.08rem;"
  >
    <span>
      ghost
    </span>
  </a>
  <a
    aria-disabled="true"
    class="am-button am-button-ghost am-button-small am-button-inline am-button-disabled"
    role="button"
  >
    <span>
      ghost disabled
    </span>
  </a>
</div>
`;

exports[`renders ./components/button/demo/complex.md correctly 1`] = `
<div
  class="am-list"
  style="margin:0.1rem 0;background-color:white;"
>
  <div
    class="am-list-body"
  >
    <div
      class="am-list-item am-list-item-middle"
    >
      <div
        class="am-list-line am-list-line-multiple"
      >
        <div
          class="am-list-content"
        >
          regional manager
          <div
            class="am-list-brief"
          >
            Can be collected, refund, discount management, view data and other operations
          </div>
        </div>
        <div
          class="am-list-extra"
        >
          <a
            aria-disabled="false"
            class="am-button am-button-ghost am-button-small am-button-inline"
            role="button"
          >
            <span>
              small
            </span>
          </a>
        </div>
      </div>
      <div
        class="am-list-ripple"
        style="display:none;"
      />
    </div>
    <div
      class="am-list-item am-list-item-middle"
    >
      <div
        class="am-list-line am-list-line-multiple"
      >
        <div
          class="am-list-content"
        >
          regional manager
          <div
            class="am-list-brief"
          >
            Can be collected, refund, discount management, view data and other operations
          </div>
        </div>
        <div
          class="am-list-extra"
        >
          <a
            aria-disabled="false"
            class="am-button am-button-primary am-button-small am-button-inline"
            role="button"
          >
            <span>
              small
            </span>
          </a>
        </div>
      </div>
      <div
        class="am-list-ripple"
        style="display:none;"
      />
    </div>
  </div>
</div>
`;
