// Jest Snapshot v1, https://goo.gl/fbAQLP

exports[`Button renders correctly 1`] = `
<View
  accessibilityComponentType={undefined}
  accessibilityLabel={undefined}
  accessibilityTraits={undefined}
  accessible={true}
  hasTVPreferredFocus={undefined}
  hitSlop={undefined}
  isTVSelectable={true}
  onLayout={undefined}
  onResponderGrant={[Function]}
  onResponderMove={[Function]}
  onResponderRelease={[Function]}
  onResponderTerminate={[Function]}
  onResponderTerminationRequest={[Function]}
  onStartShouldSetResponder={[Function]}
  style={
    Array [
      Object {
        "backgroundColor": "transparent",
      },
      Array [
        Object {
          "alignItems": "center",
          "borderRadius": 5,
          "borderWidth": 1,
          "justifyContent": "center",
        },
        Object {
          "height": 47,
          "paddingLeft": 15,
          "paddingRight": 15,
        },
        Object {
          "backgroundColor": "#ffffff",
          "borderColor": "#dddddd",
        },
        false,
        false,
        false,
        undefined,
      ],
    ]
  }
  testID={undefined}
  tvParallaxProperties={undefined}
>
  <View
    style={
      Object {
        "flexDirection": "row",
      }
    }
  >
    <Text
      accessible={true}
      allowFontScaling={true}
      ellipsizeMode="tail"
      style={
        Array [
          Object {
            "fontSize": 18,
          },
          Object {
            "color": "#000000",
          },
          false,
          false,
        ]
      }
    >
      foo
    </Text>
  </View>
</View>
`;
