// Jest Snapshot v1, https://goo.gl/fbAQLP

exports[`NavBar renders correctly 1`] = `
<div
  class="am-navbar am-navbar-light"
>
  <div
    class="am-navbar-left"
    role="button"
  >
    <span
      aria-hidden="true"
      class="am-navbar-left-icon"
    >
      <svg
        class="am-icon am-icon-left am-icon-md"
      >
        <use
          xlink:href="#left"
        />
      </svg>
    </span>
    <span
      class="am-navbar-left-content"
    >
      返回
    </span>
  </div>
  <div
    class="am-navbar-title"
  >
    NavBar
  </div>
  <div
    class="am-navbar-right"
  >
    i
  </div>
</div>
`;
