// Jest Snapshot v1, https://goo.gl/fbAQLP

exports[`NoticeBar renders correctly 1`] = `
<div
  class="am-notice-bar"
  role="alert"
>
  <div
    aria-hidden="true"
    class="am-notice-bar-icon"
  >
     
    <svg
      class="am-icon am-icon-trips am-icon-xxs"
    >
      <use
        xlink:href="#trips"
      />
    </svg>
     
  </div>
  <div
    class="am-notice-bar-content"
  >
    <div
      class="am-notice-bar-marquee-wrap "
      role="marquee"
      style="overflow:hidden;"
    >
      <div
        class="am-notice-bar-marquee"
        style="position:relative;right:0;white-space:nowrap;display:inline-block;"
      >
        foo 
      </div>
    </div>
  </div>
</div>
`;
