// Jest Snapshot v1, https://goo.gl/fbAQLP

exports[`renders ./components/progress/demo/basic.md correctly 1`] = `
<div
  class="progress-container"
>
  <div
    aria-valuemax="100"
    aria-valuemin="0"
    aria-valuenow="30"
    class="am-progress-outer am-progress-fixed-outer"
    role="progressbar"
  >
    <div
      class="am-progress-bar"
      style="width:30%;height:0;"
    />
  </div>
  <div
    style="height:36px;"
  />
  <div
    aria-valuemax="100"
    aria-valuemin="0"
    aria-valuenow="40"
    class="am-progress-outer am-progress-hide-outer"
    role="progressbar"
  >
    <div
      class="am-progress-bar"
      style="width:0;height:0;"
    />
  </div>
  <div
    class="show-info"
  >
    <div
      class="progress"
    >
      <div
        aria-valuemax="100"
        aria-valuemin="0"
        aria-valuenow="50"
        class="am-progress-outer"
        role="progressbar"
      >
        <div
          class="am-progress-bar"
          style="width:50%;height:0;"
        />
      </div>
    </div>
    <div
      aria-hidden="true"
    >
      50%
    </div>
  </div>
  <a
    aria-disabled="false"
    class="am-button am-button-inline"
    role="button"
    style="margin-top:20px;"
  >
    <span>
      (+-)10
    </span>
  </a>
</div>
`;
