// Jest Snapshot v1, https://goo.gl/fbAQLP

exports[`renders ./components/range/demo/basic.md correctly 1`] = `
<div
  class="am-slider-example"
>
  <div
    class="am-whitespace am-whitespace-lg"
  />
  <div
    class="am-wingblank am-wingblank-lg"
  >
    <p
      class="title"
    >
      Basic Range
    </p>
    <div
      class="am-slider-wrapper"
    >
      <div
        class="am-slider"
      >
        <div
          class="am-slider-rail"
        />
        <div
          class="am-slider-track am-slider-track-1"
          style="visibility:visible;left:15%;width:35%;"
        />
        <div
          class="am-slider-step"
        />
        <div
          aria-disabled="false"
          aria-valuemax="20"
          aria-valuemin="0"
          aria-valuenow="3"
          class="am-slider-handle am-slider-handle-1"
          role="slider"
          style="left:15%;"
        />
        <div
          aria-disabled="false"
          aria-valuemax="20"
          aria-valuemin="0"
          aria-valuenow="10"
          class="am-slider-handle am-slider-handle-2"
          role="slider"
          style="left:50%;"
        />
        <div
          class="am-slider-mark"
        />
      </div>
    </div>
  </div>
  <div
    class="am-whitespace am-whitespace-lg"
  />
  <div
    class="am-wingblank am-wingblank-lg"
  >
    <p
      class="title"
    >
      Range with Tooltip
    </p>
    <div
      class="am-slider-wrapper"
    >
      <div
        class="am-slider"
      >
        <div
          class="am-slider-rail"
        />
        <div
          class="am-slider-track am-slider-track-1"
          style="visibility:visible;left:15%;width:35%;"
        />
        <div
          class="am-slider-step"
        />
        <div
          aria-disabled="false"
          aria-valuemax="20"
          aria-valuemin="0"
          aria-valuenow="3"
          class="am-slider-handle am-slider-handle-1"
          role="slider"
          style="left:15%;"
        />
        <div
          aria-disabled="false"
          aria-valuemax="20"
          aria-valuemin="0"
          aria-valuenow="10"
          class="am-slider-handle am-slider-handle-2"
          role="slider"
          style="left:50%;"
        />
        <div
          class="am-slider-mark"
        />
      </div>
    </div>
  </div>
  <div
    class="am-whitespace am-whitespace-lg"
  />
  <div
    class="am-wingblank am-wingblank-lg"
  >
    <p
      class="title"
    >
      Disabled Range
    </p>
    <div
      class="am-slider-wrapper"
    >
      <div
        class="am-slider am-slider-disabled"
      >
        <div
          class="am-slider-rail"
        />
        <div
          class="am-slider-track am-slider-track-1"
          style="visibility:visible;left:15%;width:35%;"
        />
        <div
          class="am-slider-step"
        />
        <div
          aria-disabled="true"
          aria-valuemax="20"
          aria-valuemin="0"
          aria-valuenow="3"
          class="am-slider-handle am-slider-handle-1"
          role="slider"
          style="left:15%;"
        />
        <div
          aria-disabled="true"
          aria-valuemax="20"
          aria-valuemin="0"
          aria-valuenow="10"
          class="am-slider-handle am-slider-handle-2"
          role="slider"
          style="left:50%;"
        />
        <div
          class="am-slider-mark"
        />
      </div>
    </div>
  </div>
  <div
    class="am-wingblank am-wingblank-lg"
  >
    <p
      class="title"
    >
      Range with Customized Style
    </p>
    <div
      class="am-slider-wrapper"
    >
      <div
        class="am-slider"
      >
        <div
          class="am-slider-rail"
          style="background-color:black;"
        />
        <div
          class="am-slider-track am-slider-track-1"
          style="visibility:visible;background-color:red;left:15%;width:35%;"
        />
        <div
          class="am-slider-step"
        />
        <div
          aria-disabled="false"
          aria-valuemax="20"
          aria-valuemin="0"
          aria-valuenow="3"
          class="am-slider-handle am-slider-handle-1"
          role="slider"
          style="background-color:yellow;left:15%;"
        />
        <div
          aria-disabled="false"
          aria-valuemax="20"
          aria-valuemin="0"
          aria-valuenow="10"
          class="am-slider-handle am-slider-handle-2"
          role="slider"
          style="background-color:gray;left:50%;"
        />
        <div
          class="am-slider-mark"
        />
      </div>
    </div>
  </div>
</div>
`;
