// Jest Snapshot v1, https://goo.gl/fbAQLP

exports[`SegmentedControl renders correctly 1`] = `
<div
  class="am-tag am-tag-normal"
>
  <div
    class="am-tag-text"
  >
    Basic
  </div>
</div>
`;
