// Jest Snapshot v1, https://goo.gl/fbAQLP

exports[`Result renders correctly 1`] = `
<View
  style={
    Array [
      Object {
        "alignItems": "center",
        "backgroundColor": "#ffffff",
        "borderBottomColor": "#dddddd",
        "paddingVertical": 21,
      },
      undefined,
    ]
  }
>
  <View
    style={
      Object {
        "margin": 0,
      }
    }
  >
    <Image
      source={
        Object {
          "uri": "https://zos.alipayobjects.com/rmsportal/qlMpMyJTcSjMpKAgtcEt.png",
        }
      }
      style={
        Object {
          "height": 60,
          "width": 60,
        }
      }
    />
  </View>
  <View
    style={
      Object {
        "marginTop": 15,
        "paddingHorizontal": 15,
      }
    }
  >
    <Text
      accessible={true}
      allowFontScaling={true}
      ellipsizeMode="tail"
      style={
        Object {
          "color": "#000000",
          "fontSize": 21,
        }
      }
    >
      验证成功
    </Text>
  </View>
  <View
    style={
      Object {
        "marginTop": 15,
        "paddingHorizontal": 15,
      }
    }
  >
    <Text
      accessible={true}
      allowFontScaling={true}
      ellipsizeMode="tail"
      style={
        Object {
          "color": "#888888",
          "fontSize": 16,
        }
      }
    >
      所提交内容已成功完成验证
    </Text>
  </View>
</View>
`;
