// Jest Snapshot v1, https://goo.gl/fbAQLP

exports[`renders ./components/badge/demo/basic.md correctly 1`] = `
<div
  class="am-list"
>
  <div
    class="am-list-body"
  >
    <div
      class="am-list-item am-list-item-middle"
    >
      <div
        class="am-list-line"
      >
        <div
          class="am-list-content"
        >
          <span
            class="am-badge"
          >
            <span
              style="width:0.52rem;height:0.52rem;background:#ddd;display:inline-block;"
            />
            <sup
              class="am-badge-dot"
            />
          </span>
          <span
            style="margin-left:12px;"
          >
            Dot Badge
          </span>
        </div>
        <div
          class="am-list-extra"
        >
          Extra content
        </div>
        <div
          aria-hidden="true"
          class="am-list-arrow am-list-arrow-horizontal"
        />
      </div>
      <div
        class="am-list-ripple"
        style="display:none;"
      />
    </div>
    <div
      class="am-list-item am-list-item-middle"
    >
      <div
        class="am-list-thumb"
      >
        <img
          src="https://zos.alipayobjects.com/rmsportal/faMhXAxhCzLvveJ.png"
        />
      </div>
      <div
        class="am-list-line"
      >
        <div
          class="am-list-content"
        >
          Content
        </div>
        <div
          class="am-list-extra"
        >
          <span
            class="am-badge am-badge-not-a-wrapper"
          >
            <sup
              class="am-badge-text"
            >
              55+
            </sup>
          </span>
        </div>
        <div
          aria-hidden="true"
          class="am-list-arrow am-list-arrow-horizontal"
        />
      </div>
      <div
        class="am-list-ripple"
        style="display:none;"
      />
    </div>
    <div
      class="am-list-item am-list-item-middle"
    >
      <div
        class="am-list-line"
      >
        <div
          class="am-list-content"
        >
          <span
            class="am-badge am-badge-corner-wrapper"
          >
            <div
              class="corner-badge"
            >
              Use corner prop
            </div>
            <sup
              class="am-badge-corner"
            >
              促
            </sup>
          </span>
        </div>
      </div>
      <div
        class="am-list-ripple"
        style="display:none;"
      />
    </div>
    <div
      class="special-badge am-list-item am-list-item-middle"
    >
      <div
        class="am-list-line"
      >
        <div
          class="am-list-content"
        >
          Custom corner
        </div>
        <div
          class="am-list-extra"
        >
          <span
            class="am-badge am-badge-not-a-wrapper"
          >
            <sup
              class="am-badge-text"
            >
              促
            </sup>
          </span>
        </div>
      </div>
      <div
        class="am-list-ripple"
        style="display:none;"
      />
    </div>
    <div
      class="am-list-item am-list-item-middle"
    >
      <div
        class="am-list-line"
      >
        <div
          class="am-list-content"
        >
          <span
            class="am-badge"
          >
            text number 0
          </span>
          <span
            class="am-badge am-badge-not-a-wrapper"
          >
            <sup
              class="am-badge-text"
              style="margin-left:12px;"
            >
              new
            </sup>
          </span>
        </div>
        <div
          class="am-list-extra"
        >
          Extra
        </div>
        <div
          aria-hidden="true"
          class="am-list-arrow am-list-arrow-horizontal"
        />
      </div>
      <div
        class="am-list-ripple"
        style="display:none;"
      />
    </div>
    <div
      class="am-list-item am-list-item-middle"
    >
      <div
        class="am-list-line"
      >
        <div
          class="am-list-content"
        >
          Marketing:
          <span
            class="am-badge am-badge-not-a-wrapper am-badge-hot"
          >
            <sup
              class="am-badge-text"
              style="margin-left:12px;"
            >
              减
            </sup>
          </span>
          <span
            class="am-badge am-badge-not-a-wrapper am-badge-hot"
          >
            <sup
              class="am-badge-text"
              style="margin-left:12px;"
            >
              惠
            </sup>
          </span>
          <span
            class="am-badge am-badge-not-a-wrapper am-badge-hot"
          >
            <sup
              class="am-badge-text"
              style="margin-left:12px;"
            >
              免
            </sup>
          </span>
          <span
            class="am-badge am-badge-not-a-wrapper am-badge-hot"
          >
            <sup
              class="am-badge-text"
              style="margin-left:12px;"
            >
              反
            </sup>
          </span>
          <span
            class="am-badge am-badge-not-a-wrapper am-badge-hot"
          >
            <sup
              class="am-badge-text"
              style="margin-left:12px;"
            >
              HOT
            </sup>
          </span>
        </div>
      </div>
      <div
        class="am-list-ripple"
        style="display:none;"
      />
    </div>
    <div
      class="am-list-item am-list-item-middle"
    >
      <div
        class="am-list-line"
      >
        <div
          class="am-list-content"
        >
          Customize
          <span
            class="am-badge am-badge-not-a-wrapper"
          >
            <sup
              class="am-badge-text"
              style="margin-left:12px;padding:0 0.06rem;background-color:#f19736;border-radius:2px;"
            >
              券
            </sup>
          </span>
          <span
            class="am-badge am-badge-not-a-wrapper"
          >
            <sup
              class="am-badge-text"
              style="margin-left:12px;padding:0 0.06rem;background-color:#21b68a;border-radius:2px;"
            >
              NEW
            </sup>
          </span>
          <span
            class="am-badge am-badge-not-a-wrapper"
          >
            <sup
              class="am-badge-text"
              style="margin-left:12px;padding:0 0.06rem;background-color:#fff;border-radius:2px;color:#f19736;border:1px solid #f19736;"
            >
              自动缴费
            </sup>
          </span>
        </div>
      </div>
      <div
        class="am-list-ripple"
        style="display:none;"
      />
    </div>
  </div>
</div>
`;
