// Jest Snapshot v1, https://goo.gl/fbAQLP

exports[`renders ./components/flex/demo/basic.md correctly 1`] = `
<div
  class="flex-container"
>
  <div
    class="sub-title"
  >
    基本
  </div>
  <div
    class="am-flexbox am-flexbox-align-center"
  >
    <div
      class="am-flexbox-item"
    >
      <div
        style="background-color:#ebebef;color:#bbb;text-align:center;height:0.6rem;line-height:0.6rem;width:100%;"
      >
        Item
      </div>
    </div>
    <div
      class="am-flexbox-item"
    >
      <div
        style="background-color:#ebebef;color:#bbb;text-align:center;height:0.6rem;line-height:0.6rem;width:100%;"
      >
        Item
      </div>
    </div>
  </div>
  <div
    class="am-whitespace am-whitespace-lg"
  />
  <div
    class="am-flexbox am-flexbox-align-center"
  >
    <div
      class="am-flexbox-item"
    >
      <div
        style="background-color:#ebebef;color:#bbb;text-align:center;height:0.6rem;line-height:0.6rem;width:100%;"
      >
        Item
      </div>
    </div>
    <div
      class="am-flexbox-item"
    >
      <div
        style="background-color:#ebebef;color:#bbb;text-align:center;height:0.6rem;line-height:0.6rem;width:100%;"
      >
        Item
      </div>
    </div>
    <div
      class="am-flexbox-item"
    >
      <div
        style="background-color:#ebebef;color:#bbb;text-align:center;height:0.6rem;line-height:0.6rem;width:100%;"
      >
        Item
      </div>
    </div>
  </div>
  <div
    class="am-whitespace am-whitespace-lg"
  />
  <div
    class="am-flexbox am-flexbox-align-center"
  >
    <div
      class="am-flexbox-item"
    >
      <div
        style="background-color:#ebebef;color:#bbb;text-align:center;height:0.6rem;line-height:0.6rem;width:100%;"
      >
        Item
      </div>
    </div>
    <div
      class="am-flexbox-item"
    >
      <div
        style="background-color:#ebebef;color:#bbb;text-align:center;height:0.6rem;line-height:0.6rem;width:100%;"
      >
        Item
      </div>
    </div>
    <div
      class="am-flexbox-item"
    >
      <div
        style="background-color:#ebebef;color:#bbb;text-align:center;height:0.6rem;line-height:0.6rem;width:100%;"
      >
        Item
      </div>
    </div>
    <div
      class="am-flexbox-item"
    >
      <div
        style="background-color:#ebebef;color:#bbb;text-align:center;height:0.6rem;line-height:0.6rem;width:100%;"
      >
        Item
      </div>
    </div>
  </div>
  <div
    class="am-whitespace am-whitespace-lg"
  />
  <div
    class="sub-title"
  >
    wrap 换行
  </div>
  <div
    class="am-flexbox am-flexbox-wrap am-flexbox-align-center"
  >
    <div
      class="inline"
      style="background-color:#ebebef;color:#bbb;text-align:center;height:0.6rem;line-height:0.6rem;width:100%;"
    >
      Item
    </div>
    <div
      class="inline"
      style="background-color:#ebebef;color:#bbb;text-align:center;height:0.6rem;line-height:0.6rem;width:100%;"
    >
      Item
    </div>
    <div
      class="inline"
      style="background-color:#ebebef;color:#bbb;text-align:center;height:0.6rem;line-height:0.6rem;width:100%;"
    >
      Item
    </div>
    <div
      class="inline"
      style="background-color:#ebebef;color:#bbb;text-align:center;height:0.6rem;line-height:0.6rem;width:100%;"
    >
      Item
    </div>
    <div
      class="inline"
      style="background-color:#ebebef;color:#bbb;text-align:center;height:0.6rem;line-height:0.6rem;width:100%;"
    >
      Item
    </div>
    <div
      class="inline"
      style="background-color:#ebebef;color:#bbb;text-align:center;height:0.6rem;line-height:0.6rem;width:100%;"
    >
      Item
    </div>
    <div
      class="inline"
      style="background-color:#ebebef;color:#bbb;text-align:center;height:0.6rem;line-height:0.6rem;width:100%;"
    >
      Item
    </div>
  </div>
  <div
    class="am-whitespace am-whitespace-lg"
  />
  <div
    class="sub-title"
  >
    轴对齐方式
  </div>
  <div
    class="am-flexbox am-flexbox-justify-center am-flexbox-align-center"
  >
    <div
      class="inline"
      style="background-color:#ebebef;color:#bbb;text-align:center;height:0.6rem;line-height:0.6rem;width:100%;"
    >
      Item
    </div>
    <div
      class="inline"
      style="background-color:#ebebef;color:#bbb;text-align:center;height:0.6rem;line-height:0.6rem;width:100%;"
    >
      Item
    </div>
    <div
      class="inline"
      style="background-color:#ebebef;color:#bbb;text-align:center;height:0.6rem;line-height:0.6rem;width:100%;"
    >
      Item
    </div>
  </div>
  <div
    class="am-whitespace am-whitespace-md"
  />
  <div
    class="am-flexbox am-flexbox-justify-end am-flexbox-align-center"
  >
    <div
      class="inline"
      style="background-color:#ebebef;color:#bbb;text-align:center;height:0.6rem;line-height:0.6rem;width:100%;"
    >
      Item
    </div>
    <div
      class="inline"
      style="background-color:#ebebef;color:#bbb;text-align:center;height:0.6rem;line-height:0.6rem;width:100%;"
    >
      Item
    </div>
    <div
      class="inline"
      style="background-color:#ebebef;color:#bbb;text-align:center;height:0.6rem;line-height:0.6rem;width:100%;"
    >
      Item
    </div>
  </div>
  <div
    class="am-whitespace am-whitespace-md"
  />
  <div
    class="am-flexbox am-flexbox-justify-between am-flexbox-align-center"
  >
    <div
      class="inline"
      style="background-color:#ebebef;color:#bbb;text-align:center;height:0.6rem;line-height:0.6rem;width:100%;"
    >
      Item
    </div>
    <div
      class="inline"
      style="background-color:#ebebef;color:#bbb;text-align:center;height:0.6rem;line-height:0.6rem;width:100%;"
    >
      Item
    </div>
    <div
      class="inline"
      style="background-color:#ebebef;color:#bbb;text-align:center;height:0.6rem;line-height:0.6rem;width:100%;"
    >
      Item
    </div>
  </div>
  <div
    class="am-whitespace am-whitespace-md"
  />
  <div
    class="am-flexbox am-flexbox-align-start"
  >
    <div
      class="inline"
      style="background-color:#ebebef;color:#bbb;text-align:center;height:0.6rem;line-height:0.6rem;width:100%;"
    >
      Item
    </div>
    <div
      class="inline small"
      style="background-color:#ebebef;color:#bbb;text-align:center;height:0.6rem;line-height:0.6rem;width:100%;"
    >
      Item
    </div>
    <div
      class="inline"
      style="background-color:#ebebef;color:#bbb;text-align:center;height:0.6rem;line-height:0.6rem;width:100%;"
    >
      Item
    </div>
  </div>
  <div
    class="am-whitespace am-whitespace-md"
  />
  <div
    class="am-flexbox am-flexbox-align-end"
  >
    <div
      class="inline"
      style="background-color:#ebebef;color:#bbb;text-align:center;height:0.6rem;line-height:0.6rem;width:100%;"
    >
      Item
    </div>
    <div
      class="inline small"
      style="background-color:#ebebef;color:#bbb;text-align:center;height:0.6rem;line-height:0.6rem;width:100%;"
    >
      Item
    </div>
    <div
      class="inline"
      style="background-color:#ebebef;color:#bbb;text-align:center;height:0.6rem;line-height:0.6rem;width:100%;"
    >
      Item
    </div>
  </div>
  <div
    class="am-whitespace am-whitespace-md"
  />
  <div
    class="am-flexbox am-flexbox-align-baseline"
  >
    <div
      class="inline"
      style="background-color:#ebebef;color:#bbb;text-align:center;height:0.6rem;line-height:0.6rem;width:100%;"
    >
      Item
    </div>
    <div
      class="inline small"
      style="background-color:#ebebef;color:#bbb;text-align:center;height:0.6rem;line-height:0.6rem;width:100%;"
    >
      Item
    </div>
    <div
      class="inline"
      style="background-color:#ebebef;color:#bbb;text-align:center;height:0.6rem;line-height:0.6rem;width:100%;"
    >
      Item
    </div>
  </div>
</div>
`;
