// Jest Snapshot v1, https://goo.gl/fbAQLP

exports[`SearchBar renders correctly 1`] = `
<View
  style={
    Object {
      "alignItems": "center",
      "backgroundColor": "#efeff4",
      "flexDirection": "row",
      "height": 44,
      "paddingLeft": 8,
      "paddingRight": 8,
    }
  }
>
  <View
    style={
      Object {
        "flex": 1,
        "flexDirection": "row",
      }
    }
  >
    <TextInput
      clearButtonMode="always"
      editable={true}
      onBlur={[Function]}
      onChangeText={[Function]}
      onClear={[Function]}
      onFocus={[Function]}
      onSubmit={[Function]}
      onSubmitEditing={[Function]}
      placeholder="搜索"
      prefixCls="am-search"
      style={
        Array [
          Object {
            "backgroundColor": "#fff",
            "borderColor": "#dddddd",
            "borderRadius": 5,
            "borderWidth": 0.5,
            "color": "#000000",
            "flex": 1,
            "fontSize": 14,
            "height": 28,
            "paddingBottom": 0,
            "paddingLeft": 35,
            "paddingRight": 35,
            "paddingTop": 0,
          },
          undefined,
        ]
      }
      underlineColorAndroid="transparent"
      value=""
    />
  </View>
  <Image
    resizeMode="stretch"
    source={1}
    style={
      Object {
        "height": 15,
        "left": 16,
        "position": "absolute",
        "tintColor": "#cccccc",
        "top": 14.5,
        "width": 15,
      }
    }
  />
</View>
`;
