// Jest Snapshot v1, https://goo.gl/fbAQLP

exports[`Picker renders correctly 1`] = `
<View
  style={undefined}
>
  <View
    style={
      Object {
        "backgroundColor": "#ffffff",
        "borderTopColor": "#dddddd",
        "borderTopWidth": 0.5,
      }
    }
  >
    <View
      style={undefined}
    >
      <View
        accessibilityComponentType={undefined}
        accessibilityLabel={undefined}
        accessibilityTraits={undefined}
        accessible={true}
        hasTVPreferredFocus={undefined}
        hitSlop={undefined}
        isTVSelectable={true}
        onLayout={undefined}
        onResponderGrant={[Function]}
        onResponderMove={[Function]}
        onResponderRelease={[Function]}
        onResponderTerminate={[Function]}
        onResponderTerminationRequest={[Function]}
        onStartShouldSetResponder={[Function]}
        style={
          Array [
            Object {
              "backgroundColor": "transparent",
            },
            undefined,
          ]
        }
        testID={undefined}
        tvParallaxProperties={undefined}
      >
        <View
          style={
            Array [
              Object {
                "alignItems": "center",
                "backgroundColor": "#ffffff",
                "flexDirection": "row",
                "flexGrow": 1,
                "paddingLeft": 15,
              },
              undefined,
            ]
          }
        >
          <View
            style={
              Array [
                Object {
                  "alignItems": "center",
                  "borderBottomColor": "#dddddd",
                  "borderBottomWidth": 0.5,
                  "flex": 1,
                  "flexDirection": "row",
                  "minHeight": 44,
                  "paddingBottom": 6,
                  "paddingRight": 15,
                  "paddingTop": 6,
                },
                false,
                false,
              ]
            }
          >
            <View
              style={
                Array [
                  Object {
                    "flex": 1,
                    "flexDirection": "column",
                  },
                ]
              }
            >
              <Text
                accessible={true}
                allowFontScaling={true}
                ellipsizeMode="tail"
                numberOfLines={1}
                style={
                  Array [
                    Object {
                      "color": "#000000",
                      "fontSize": 17,
                      "lineHeight": 19,
                      "textAlignVertical": "center",
                    },
                  ]
                }
              >
                选择
              </Text>
            </View>
            <View
              style={
                Array [
                  Object {
                    "flex": 1,
                    "flexDirection": "column",
                  },
                ]
              }
            >
              <Text
                accessible={true}
                allowFontScaling={true}
                ellipsizeMode="tail"
                numberOfLines={1}
                style={
                  Array [
                    Object {
                      "color": "#888888",
                      "fontSize": 17,
                      "lineHeight": 19,
                      "textAlign": "right",
                      "textAlignVertical": "center",
                    },
                  ]
                }
              >
                请选择
              </Text>
            </View>
            <Image
              source={1}
              style={
                Object {
                  "height": 13,
                  "marginLeft": 8,
                  "marginTop": 3,
                  "width": 8,
                }
              }
            />
          </View>
        </View>
      </View>
    </View>
    <View
      style={
        Array [
          Object {
            "backgroundColor": "#ffffff",
            "borderBottomColor": "#dddddd",
            "borderBottomWidth": 0.5,
            "bottom": 0,
            "height": 1,
            "left": 0,
            "position": "absolute",
            "right": 0,
          },
        ]
      }
    />
  </View>
</View>
`;
