// Jest Snapshot v1, https://goo.gl/fbAQLP

exports[`renders ./components/grid/demo/basic.md correctly 1`] = `
<div>
  <div
    class="sub-title"
  >
    basic usage， columnNum=3 
  </div>
  <div
    class="am-grid am-grid-line"
  >
    <div
      class="am-flexbox am-flexbox-justify-center am-flexbox-align-stretch"
    >
      <div
        class="am-flexbox-item am-grid-item"
        style="width:33.333333333333336%;"
      >
        <div
          class="am-grid-item-content"
        >
          <div
            class="am-grid-item-inner-content column-num-3"
          >
            <img
              class="am-grid-icon"
              src="https://gw.alipayobjects.com/zos/rmsportal/nywPmnTAvTmLusPxHPSu.png"
            />
            <div
              class="am-grid-text"
            >
              name0
            </div>
          </div>
        </div>
      </div>
      <div
        class="am-flexbox-item am-grid-item"
        style="width:33.333333333333336%;"
      >
        <div
          class="am-grid-item-content"
        >
          <div
            class="am-grid-item-inner-content column-num-3"
          >
            <img
              class="am-grid-icon"
              src="https://gw.alipayobjects.com/zos/rmsportal/nywPmnTAvTmLusPxHPSu.png"
            />
            <div
              class="am-grid-text"
            >
              name1
            </div>
          </div>
        </div>
      </div>
      <div
        class="am-flexbox-item am-grid-item"
        style="width:33.333333333333336%;"
      >
        <div
          class="am-grid-item-content"
        >
          <div
            class="am-grid-item-inner-content column-num-3"
          >
            <img
              class="am-grid-icon"
              src="https://gw.alipayobjects.com/zos/rmsportal/nywPmnTAvTmLusPxHPSu.png"
            />
            <div
              class="am-grid-text"
            >
              name2
            </div>
          </div>
        </div>
      </div>
    </div>
    <div
      class="am-flexbox am-flexbox-justify-center am-flexbox-align-stretch"
    >
      <div
        class="am-flexbox-item am-grid-item"
        style="width:33.333333333333336%;"
      >
        <div
          class="am-grid-item-content"
        >
          <div
            class="am-grid-item-inner-content column-num-3"
          >
            <img
              class="am-grid-icon"
              src="https://gw.alipayobjects.com/zos/rmsportal/nywPmnTAvTmLusPxHPSu.png"
            />
            <div
              class="am-grid-text"
            >
              name3
            </div>
          </div>
        </div>
      </div>
      <div
        class="am-flexbox-item am-grid-item"
        style="width:33.333333333333336%;"
      >
        <div
          class="am-grid-item-content"
        >
          <div
            class="am-grid-item-inner-content column-num-3"
          >
            <img
              class="am-grid-icon"
              src="https://gw.alipayobjects.com/zos/rmsportal/nywPmnTAvTmLusPxHPSu.png"
            />
            <div
              class="am-grid-text"
            >
              name4
            </div>
          </div>
        </div>
      </div>
      <div
        class="am-flexbox-item am-grid-item"
        style="width:33.333333333333336%;"
      >
        <div
          class="am-grid-item-content"
        >
          <div
            class="am-grid-item-inner-content column-num-3"
          >
            <img
              class="am-grid-icon"
              src="https://gw.alipayobjects.com/zos/rmsportal/nywPmnTAvTmLusPxHPSu.png"
            />
            <div
              class="am-grid-text"
            >
              name5
            </div>
          </div>
        </div>
      </div>
    </div>
    <div
      class="am-flexbox am-flexbox-justify-center am-flexbox-align-stretch"
    >
      <div
        class="am-flexbox-item am-grid-item"
        style="width:33.333333333333336%;"
      >
        <div
          class="am-grid-item-content"
        >
          <div
            class="am-grid-item-inner-content column-num-3"
          >
            <img
              class="am-grid-icon"
              src="https://gw.alipayobjects.com/zos/rmsportal/nywPmnTAvTmLusPxHPSu.png"
            />
            <div
              class="am-grid-text"
            >
              name6
            </div>
          </div>
        </div>
      </div>
      <div
        class="am-flexbox-item am-grid-item"
        style="width:33.333333333333336%;"
      >
        <div
          class="am-grid-item-content"
        >
          <div
            class="am-grid-item-inner-content column-num-3"
          >
            <img
              class="am-grid-icon"
              src="https://gw.alipayobjects.com/zos/rmsportal/nywPmnTAvTmLusPxHPSu.png"
            />
            <div
              class="am-grid-text"
            >
              name7
            </div>
          </div>
        </div>
      </div>
      <div
        class="am-flexbox-item am-grid-item"
        style="width:33.333333333333336%;"
      >
        <div
          class="am-grid-item-content"
        >
          <div
            class="am-grid-item-inner-content column-num-3"
          >
            <img
              class="am-grid-icon"
              src="https://gw.alipayobjects.com/zos/rmsportal/nywPmnTAvTmLusPxHPSu.png"
            />
            <div
              class="am-grid-text"
            >
              name8
            </div>
          </div>
        </div>
      </div>
    </div>
  </div>
  <div
    class="sub-title"
  >
    basic usage， columnNum=3 
  </div>
  <div
    class="am-grid am-grid-line"
  >
    <div
      class="am-flexbox am-flexbox-justify-center am-flexbox-align-stretch"
    >
      <div
        class="am-flexbox-item am-grid-item"
        style="width:25%;"
      >
        <div
          class="am-grid-item-content"
        >
          <div
            class="am-grid-item-inner-content column-num-4"
          >
            <img
              class="am-grid-icon"
              src="https://gw.alipayobjects.com/zos/rmsportal/nywPmnTAvTmLusPxHPSu.png"
            />
            <div
              class="am-grid-text"
            >
              name0
            </div>
          </div>
        </div>
      </div>
      <div
        class="am-flexbox-item am-grid-item"
        style="width:25%;"
      >
        <div
          class="am-grid-item-content"
        >
          <div
            class="am-grid-item-inner-content column-num-4"
          >
            <img
              class="am-grid-icon"
              src="https://gw.alipayobjects.com/zos/rmsportal/nywPmnTAvTmLusPxHPSu.png"
            />
            <div
              class="am-grid-text"
            >
              name1
            </div>
          </div>
        </div>
      </div>
      <div
        class="am-flexbox-item am-grid-item"
        style="width:25%;"
      >
        <div
          class="am-grid-item-content"
        >
          <div
            class="am-grid-item-inner-content column-num-4"
          >
            <img
              class="am-grid-icon"
              src="https://gw.alipayobjects.com/zos/rmsportal/nywPmnTAvTmLusPxHPSu.png"
            />
            <div
              class="am-grid-text"
            >
              name2
            </div>
          </div>
        </div>
      </div>
      <div
        class="am-flexbox-item am-grid-item"
        style="width:25%;"
      >
        <div
          class="am-grid-item-content"
        >
          <div
            class="am-grid-item-inner-content column-num-4"
          >
            <img
              class="am-grid-icon"
              src="https://gw.alipayobjects.com/zos/rmsportal/nywPmnTAvTmLusPxHPSu.png"
            />
            <div
              class="am-grid-text"
            >
              name3
            </div>
          </div>
        </div>
      </div>
    </div>
    <div
      class="am-flexbox am-flexbox-justify-center am-flexbox-align-stretch"
    >
      <div
        class="am-flexbox-item am-grid-item"
        style="width:25%;"
      >
        <div
          class="am-grid-item-content"
        >
          <div
            class="am-grid-item-inner-content column-num-4"
          >
            <img
              class="am-grid-icon"
              src="https://gw.alipayobjects.com/zos/rmsportal/nywPmnTAvTmLusPxHPSu.png"
            />
            <div
              class="am-grid-text"
            >
              name4
            </div>
          </div>
        </div>
      </div>
      <div
        class="am-flexbox-item am-grid-item"
        style="width:25%;"
      >
        <div
          class="am-grid-item-content"
        >
          <div
            class="am-grid-item-inner-content column-num-4"
          >
            <img
              class="am-grid-icon"
              src="https://gw.alipayobjects.com/zos/rmsportal/nywPmnTAvTmLusPxHPSu.png"
            />
            <div
              class="am-grid-text"
            >
              name5
            </div>
          </div>
        </div>
      </div>
      <div
        class="am-flexbox-item am-grid-item"
        style="width:25%;"
      >
        <div
          class="am-grid-item-content"
        >
          <div
            class="am-grid-item-inner-content column-num-4"
          >
            <img
              class="am-grid-icon"
              src="https://gw.alipayobjects.com/zos/rmsportal/nywPmnTAvTmLusPxHPSu.png"
            />
            <div
              class="am-grid-text"
            >
              name6
            </div>
          </div>
        </div>
      </div>
      <div
        class="am-flexbox-item am-grid-item"
        style="width:25%;"
      >
        <div
          class="am-grid-item-content"
        >
          <div
            class="am-grid-item-inner-content column-num-4"
          >
            <img
              class="am-grid-icon"
              src="https://gw.alipayobjects.com/zos/rmsportal/nywPmnTAvTmLusPxHPSu.png"
            />
            <div
              class="am-grid-text"
            >
              name7
            </div>
          </div>
        </div>
      </div>
    </div>
    <div
      class="am-flexbox am-flexbox-justify-center am-flexbox-align-stretch"
    >
      <div
        class="am-flexbox-item am-grid-item"
        style="width:25%;"
      >
        <div
          class="am-grid-item-content"
        >
          <div
            class="am-grid-item-inner-content column-num-4"
          >
            <img
              class="am-grid-icon"
              src="https://gw.alipayobjects.com/zos/rmsportal/nywPmnTAvTmLusPxHPSu.png"
            />
            <div
              class="am-grid-text"
            >
              name8
            </div>
          </div>
        </div>
      </div>
      <div
        class="am-flexbox-item am-grid-item am-grid-null-item"
        style="width:25%;"
      >
        <div
          class="am-grid-item-content"
        >
          <div
            class="am-grid-item-inner-content"
          />
        </div>
      </div>
      <div
        class="am-flexbox-item am-grid-item am-grid-null-item"
        style="width:25%;"
      >
        <div
          class="am-grid-item-content"
        >
          <div
            class="am-grid-item-inner-content"
          />
        </div>
      </div>
      <div
        class="am-flexbox-item am-grid-item am-grid-null-item"
        style="width:25%;"
      >
        <div
          class="am-grid-item-content"
        >
          <div
            class="am-grid-item-inner-content"
          />
        </div>
      </div>
    </div>
  </div>
  <div
    class="sub-title"
  >
    no border
  </div>
  <div
    class="am-grid"
  >
    <div
      class="am-flexbox am-flexbox-justify-center am-flexbox-align-stretch"
    >
      <div
        class="am-flexbox-item am-grid-item"
        style="width:25%;"
      >
        <div
          class="am-grid-item-content"
        >
          <div
            class="am-grid-item-inner-content column-num-4"
          >
            <img
              class="am-grid-icon"
              src="https://gw.alipayobjects.com/zos/rmsportal/nywPmnTAvTmLusPxHPSu.png"
            />
            <div
              class="am-grid-text"
            >
              name0
            </div>
          </div>
        </div>
      </div>
      <div
        class="am-flexbox-item am-grid-item"
        style="width:25%;"
      >
        <div
          class="am-grid-item-content"
        >
          <div
            class="am-grid-item-inner-content column-num-4"
          >
            <img
              class="am-grid-icon"
              src="https://gw.alipayobjects.com/zos/rmsportal/nywPmnTAvTmLusPxHPSu.png"
            />
            <div
              class="am-grid-text"
            >
              name1
            </div>
          </div>
        </div>
      </div>
      <div
        class="am-flexbox-item am-grid-item"
        style="width:25%;"
      >
        <div
          class="am-grid-item-content"
        >
          <div
            class="am-grid-item-inner-content column-num-4"
          >
            <img
              class="am-grid-icon"
              src="https://gw.alipayobjects.com/zos/rmsportal/nywPmnTAvTmLusPxHPSu.png"
            />
            <div
              class="am-grid-text"
            >
              name2
            </div>
          </div>
        </div>
      </div>
      <div
        class="am-flexbox-item am-grid-item"
        style="width:25%;"
      >
        <div
          class="am-grid-item-content"
        >
          <div
            class="am-grid-item-inner-content column-num-4"
          >
            <img
              class="am-grid-icon"
              src="https://gw.alipayobjects.com/zos/rmsportal/nywPmnTAvTmLusPxHPSu.png"
            />
            <div
              class="am-grid-text"
            >
              name3
            </div>
          </div>
        </div>
      </div>
    </div>
    <div
      class="am-flexbox am-flexbox-justify-center am-flexbox-align-stretch"
    >
      <div
        class="am-flexbox-item am-grid-item"
        style="width:25%;"
      >
        <div
          class="am-grid-item-content"
        >
          <div
            class="am-grid-item-inner-content column-num-4"
          >
            <img
              class="am-grid-icon"
              src="https://gw.alipayobjects.com/zos/rmsportal/nywPmnTAvTmLusPxHPSu.png"
            />
            <div
              class="am-grid-text"
            >
              name4
            </div>
          </div>
        </div>
      </div>
      <div
        class="am-flexbox-item am-grid-item"
        style="width:25%;"
      >
        <div
          class="am-grid-item-content"
        >
          <div
            class="am-grid-item-inner-content column-num-4"
          >
            <img
              class="am-grid-icon"
              src="https://gw.alipayobjects.com/zos/rmsportal/nywPmnTAvTmLusPxHPSu.png"
            />
            <div
              class="am-grid-text"
            >
              name5
            </div>
          </div>
        </div>
      </div>
      <div
        class="am-flexbox-item am-grid-item"
        style="width:25%;"
      >
        <div
          class="am-grid-item-content"
        >
          <div
            class="am-grid-item-inner-content column-num-4"
          >
            <img
              class="am-grid-icon"
              src="https://gw.alipayobjects.com/zos/rmsportal/nywPmnTAvTmLusPxHPSu.png"
            />
            <div
              class="am-grid-text"
            >
              name6
            </div>
          </div>
        </div>
      </div>
      <div
        class="am-flexbox-item am-grid-item"
        style="width:25%;"
      >
        <div
          class="am-grid-item-content"
        >
          <div
            class="am-grid-item-inner-content column-num-4"
          >
            <img
              class="am-grid-icon"
              src="https://gw.alipayobjects.com/zos/rmsportal/nywPmnTAvTmLusPxHPSu.png"
            />
            <div
              class="am-grid-text"
            >
              name7
            </div>
          </div>
        </div>
      </div>
    </div>
    <div
      class="am-flexbox am-flexbox-justify-center am-flexbox-align-stretch"
    >
      <div
        class="am-flexbox-item am-grid-item"
        style="width:25%;"
      >
        <div
          class="am-grid-item-content"
        >
          <div
            class="am-grid-item-inner-content column-num-4"
          >
            <img
              class="am-grid-icon"
              src="https://gw.alipayobjects.com/zos/rmsportal/nywPmnTAvTmLusPxHPSu.png"
            />
            <div
              class="am-grid-text"
            >
              name8
            </div>
          </div>
        </div>
      </div>
      <div
        class="am-flexbox-item am-grid-item am-grid-null-item"
        style="width:25%;"
      >
        <div
          class="am-grid-item-content"
        >
          <div
            class="am-grid-item-inner-content"
          />
        </div>
      </div>
      <div
        class="am-flexbox-item am-grid-item am-grid-null-item"
        style="width:25%;"
      >
        <div
          class="am-grid-item-content"
        >
          <div
            class="am-grid-item-inner-content"
          />
        </div>
      </div>
      <div
        class="am-flexbox-item am-grid-item am-grid-null-item"
        style="width:25%;"
      >
        <div
          class="am-grid-item-content"
        >
          <div
            class="am-grid-item-inner-content"
          />
        </div>
      </div>
    </div>
  </div>
  <div
    class="sub-title"
  >
    carousel
  </div>
  <div
    class="am-grid am-grid-line"
  >
    <div
      class="am-flexbox am-flexbox-justify-center am-flexbox-align-stretch"
    >
      <div
        class="am-flexbox-item am-grid-item"
        style="width:25%;"
      >
        <div
          class="am-grid-item-content"
        >
          <div
            class="am-grid-item-inner-content column-num-4"
          >
            <img
              class="am-grid-icon"
              src="https://gw.alipayobjects.com/zos/rmsportal/nywPmnTAvTmLusPxHPSu.png"
            />
            <div
              class="am-grid-text"
            >
              name0
            </div>
          </div>
        </div>
      </div>
      <div
        class="am-flexbox-item am-grid-item"
        style="width:25%;"
      >
        <div
          class="am-grid-item-content"
        >
          <div
            class="am-grid-item-inner-content column-num-4"
          >
            <img
              class="am-grid-icon"
              src="https://gw.alipayobjects.com/zos/rmsportal/nywPmnTAvTmLusPxHPSu.png"
            />
            <div
              class="am-grid-text"
            >
              name1
            </div>
          </div>
        </div>
      </div>
      <div
        class="am-flexbox-item am-grid-item"
        style="width:25%;"
      >
        <div
          class="am-grid-item-content"
        >
          <div
            class="am-grid-item-inner-content column-num-4"
          >
            <img
              class="am-grid-icon"
              src="https://gw.alipayobjects.com/zos/rmsportal/nywPmnTAvTmLusPxHPSu.png"
            />
            <div
              class="am-grid-text"
            >
              name2
            </div>
          </div>
        </div>
      </div>
      <div
        class="am-flexbox-item am-grid-item"
        style="width:25%;"
      >
        <div
          class="am-grid-item-content"
        >
          <div
            class="am-grid-item-inner-content column-num-4"
          >
            <img
              class="am-grid-icon"
              src="https://gw.alipayobjects.com/zos/rmsportal/nywPmnTAvTmLusPxHPSu.png"
            />
            <div
              class="am-grid-text"
            >
              name3
            </div>
          </div>
        </div>
      </div>
    </div>
    <div
      class="am-flexbox am-flexbox-justify-center am-flexbox-align-stretch"
    >
      <div
        class="am-flexbox-item am-grid-item"
        style="width:25%;"
      >
        <div
          class="am-grid-item-content"
        >
          <div
            class="am-grid-item-inner-content column-num-4"
          >
            <img
              class="am-grid-icon"
              src="https://gw.alipayobjects.com/zos/rmsportal/nywPmnTAvTmLusPxHPSu.png"
            />
            <div
              class="am-grid-text"
            >
              name4
            </div>
          </div>
        </div>
      </div>
      <div
        class="am-flexbox-item am-grid-item"
        style="width:25%;"
      >
        <div
          class="am-grid-item-content"
        >
          <div
            class="am-grid-item-inner-content column-num-4"
          >
            <img
              class="am-grid-icon"
              src="https://gw.alipayobjects.com/zos/rmsportal/nywPmnTAvTmLusPxHPSu.png"
            />
            <div
              class="am-grid-text"
            >
              name5
            </div>
          </div>
        </div>
      </div>
      <div
        class="am-flexbox-item am-grid-item"
        style="width:25%;"
      >
        <div
          class="am-grid-item-content"
        >
          <div
            class="am-grid-item-inner-content column-num-4"
          >
            <img
              class="am-grid-icon"
              src="https://gw.alipayobjects.com/zos/rmsportal/nywPmnTAvTmLusPxHPSu.png"
            />
            <div
              class="am-grid-text"
            >
              name6
            </div>
          </div>
        </div>
      </div>
      <div
        class="am-flexbox-item am-grid-item"
        style="width:25%;"
      >
        <div
          class="am-grid-item-content"
        >
          <div
            class="am-grid-item-inner-content column-num-4"
          >
            <img
              class="am-grid-icon"
              src="https://gw.alipayobjects.com/zos/rmsportal/nywPmnTAvTmLusPxHPSu.png"
            />
            <div
              class="am-grid-text"
            >
              name7
            </div>
          </div>
        </div>
      </div>
    </div>
    <div
      class="am-flexbox am-flexbox-justify-center am-flexbox-align-stretch"
    >
      <div
        class="am-flexbox-item am-grid-item"
        style="width:25%;"
      >
        <div
          class="am-grid-item-content"
        >
          <div
            class="am-grid-item-inner-content column-num-4"
          >
            <img
              class="am-grid-icon"
              src="https://gw.alipayobjects.com/zos/rmsportal/nywPmnTAvTmLusPxHPSu.png"
            />
            <div
              class="am-grid-text"
            >
              name8
            </div>
          </div>
        </div>
      </div>
      <div
        class="am-flexbox-item am-grid-item am-grid-null-item"
        style="width:25%;"
      >
        <div
          class="am-grid-item-content"
        >
          <div
            class="am-grid-item-inner-content"
          />
        </div>
      </div>
      <div
        class="am-flexbox-item am-grid-item am-grid-null-item"
        style="width:25%;"
      >
        <div
          class="am-grid-item-content"
        >
          <div
            class="am-grid-item-inner-content"
          />
        </div>
      </div>
      <div
        class="am-flexbox-item am-grid-item am-grid-null-item"
        style="width:25%;"
      >
        <div
          class="am-grid-item-content"
        >
          <div
            class="am-grid-item-inner-content"
          />
        </div>
      </div>
    </div>
  </div>
  <div
    class="sub-title"
  >
    custom content
  </div>
  <div
    class="am-grid am-grid-line"
  >
    <div
      class="am-flexbox am-flexbox-justify-center am-flexbox-align-stretch"
    >
      <div
        class="am-flexbox-item am-grid-item"
        style="width:33.333333333333336%;"
      >
        <div
          class="am-grid-item-content"
        >
          <div
            style="padding:0.25rem;"
          >
            <img
              alt="icon"
              src="https://gw.alipayobjects.com/zos/rmsportal/WXoqXTHrSnRcUwEaQgXJ.png"
              style="width:1.5rem;height:1.5rem;"
            />
            <div
              style="color:#888;font-size:0.28rem;margin-top:0.24rem;"
            >
              <span>
                我是标题..
              </span>
            </div>
          </div>
        </div>
      </div>
      <div
        class="am-flexbox-item am-grid-item"
        style="width:33.333333333333336%;"
      >
        <div
          class="am-grid-item-content"
        >
          <div
            style="padding:0.25rem;"
          >
            <img
              alt="icon"
              src="https://gw.alipayobjects.com/zos/rmsportal/WXoqXTHrSnRcUwEaQgXJ.png"
              style="width:1.5rem;height:1.5rem;"
            />
            <div
              style="color:#888;font-size:0.28rem;margin-top:0.24rem;"
            >
              <span>
                我是标题..
              </span>
            </div>
          </div>
        </div>
      </div>
      <div
        class="am-flexbox-item am-grid-item"
        style="width:33.333333333333336%;"
      >
        <div
          class="am-grid-item-content"
        >
          <div
            style="padding:0.25rem;"
          >
            <img
              alt="icon"
              src="https://gw.alipayobjects.com/zos/rmsportal/WXoqXTHrSnRcUwEaQgXJ.png"
              style="width:1.5rem;height:1.5rem;"
            />
            <div
              style="color:#888;font-size:0.28rem;margin-top:0.24rem;"
            >
              <span>
                我是标题..
              </span>
            </div>
          </div>
        </div>
      </div>
    </div>
    <div
      class="am-flexbox am-flexbox-justify-center am-flexbox-align-stretch"
    >
      <div
        class="am-flexbox-item am-grid-item"
        style="width:33.333333333333336%;"
      >
        <div
          class="am-grid-item-content"
        >
          <div
            style="padding:0.25rem;"
          >
            <img
              alt="icon"
              src="https://gw.alipayobjects.com/zos/rmsportal/WXoqXTHrSnRcUwEaQgXJ.png"
              style="width:1.5rem;height:1.5rem;"
            />
            <div
              style="color:#888;font-size:0.28rem;margin-top:0.24rem;"
            >
              <span>
                我是标题..
              </span>
            </div>
          </div>
        </div>
      </div>
      <div
        class="am-flexbox-item am-grid-item"
        style="width:33.333333333333336%;"
      >
        <div
          class="am-grid-item-content"
        >
          <div
            style="padding:0.25rem;"
          >
            <img
              alt="icon"
              src="https://gw.alipayobjects.com/zos/rmsportal/WXoqXTHrSnRcUwEaQgXJ.png"
              style="width:1.5rem;height:1.5rem;"
            />
            <div
              style="color:#888;font-size:0.28rem;margin-top:0.24rem;"
            >
              <span>
                我是标题..
              </span>
            </div>
          </div>
        </div>
      </div>
      <div
        class="am-flexbox-item am-grid-item"
        style="width:33.333333333333336%;"
      >
        <div
          class="am-grid-item-content"
        >
          <div
            style="padding:0.25rem;"
          >
            <img
              alt="icon"
              src="https://gw.alipayobjects.com/zos/rmsportal/WXoqXTHrSnRcUwEaQgXJ.png"
              style="width:1.5rem;height:1.5rem;"
            />
            <div
              style="color:#888;font-size:0.28rem;margin-top:0.24rem;"
            >
              <span>
                我是标题..
              </span>
            </div>
          </div>
        </div>
      </div>
    </div>
    <div
      class="am-flexbox am-flexbox-justify-center am-flexbox-align-stretch"
    >
      <div
        class="am-flexbox-item am-grid-item"
        style="width:33.333333333333336%;"
      >
        <div
          class="am-grid-item-content"
        >
          <div
            style="padding:0.25rem;"
          >
            <img
              alt="icon"
              src="https://gw.alipayobjects.com/zos/rmsportal/WXoqXTHrSnRcUwEaQgXJ.png"
              style="width:1.5rem;height:1.5rem;"
            />
            <div
              style="color:#888;font-size:0.28rem;margin-top:0.24rem;"
            >
              <span>
                我是标题..
              </span>
            </div>
          </div>
        </div>
      </div>
      <div
        class="am-flexbox-item am-grid-item"
        style="width:33.333333333333336%;"
      >
        <div
          class="am-grid-item-content"
        >
          <div
            style="padding:0.25rem;"
          >
            <img
              alt="icon"
              src="https://gw.alipayobjects.com/zos/rmsportal/WXoqXTHrSnRcUwEaQgXJ.png"
              style="width:1.5rem;height:1.5rem;"
            />
            <div
              style="color:#888;font-size:0.28rem;margin-top:0.24rem;"
            >
              <span>
                我是标题..
              </span>
            </div>
          </div>
        </div>
      </div>
      <div
        class="am-flexbox-item am-grid-item"
        style="width:33.333333333333336%;"
      >
        <div
          class="am-grid-item-content"
        >
          <div
            style="padding:0.25rem;"
          >
            <img
              alt="icon"
              src="https://gw.alipayobjects.com/zos/rmsportal/WXoqXTHrSnRcUwEaQgXJ.png"
              style="width:1.5rem;height:1.5rem;"
            />
            <div
              style="color:#888;font-size:0.28rem;margin-top:0.24rem;"
            >
              <span>
                我是标题..
              </span>
            </div>
          </div>
        </div>
      </div>
    </div>
  </div>
</div>
`;
