// Jest Snapshot v1, https://goo.gl/fbAQLP

exports[`renders ./components/slider/demo/basic.native.tsx correctly 1`] = `
<View>
  <View>
    <Text
      accessible={true}
      allowFontScaling={true}
      ellipsizeMode="tail"
    >
      Default settings
    </Text>
    <View>
      <RCTSlider
        disabled={false}
        enabled={true}
        maximumTrackTintColor="#dddddd"
        maximumValue={1}
        minimumTrackTintColor="#108ee9"
        minimumValue={0}
        onChange={[Function]}
        onResponderTerminationRequest={[Function]}
        onSlidingComplete={[Function]}
        onStartShouldSetResponder={[Function]}
        onValueChange={[Function]}
        step={0}
        style={
          Array [
            Object {
              "height": 40,
            },
            undefined,
          ]
        }
        value={0}
      />
    </View>
  </View>
  <View
    style={
      Object {
        "marginTop": 20,
      }
    }
  >
    <Text
      accessible={true}
      allowFontScaling={true}
      ellipsizeMode="tail"
    >
      Initial value: 0.5
    </Text>
    <View>
      <RCTSlider
        disabled={false}
        enabled={true}
        maximumTrackTintColor="#dddddd"
        maximumValue={1}
        minimumTrackTintColor="#108ee9"
        minimumValue={0}
        onChange={[Function]}
        onResponderTerminationRequest={[Function]}
        onSlidingComplete={[Function]}
        onStartShouldSetResponder={[Function]}
        onValueChange={[Function]}
        step={0}
        style={
          Array [
            Object {
              "height": 40,
            },
            undefined,
          ]
        }
        value={0.5}
      />
    </View>
  </View>
  <View
    style={
      Object {
        "marginTop": 20,
      }
    }
  >
    <Text
      accessible={true}
      allowFontScaling={true}
      ellipsizeMode="tail"
    >
      min: 0, max: 1, current Value: 
      0
    </Text>
    <View>
      <RCTSlider
        disabled={false}
        enabled={true}
        maximumTrackTintColor="#dddddd"
        maximumValue={1}
        minimumTrackTintColor="#108ee9"
        minimumValue={0}
        onChange={[Function]}
        onResponderTerminationRequest={[Function]}
        onSlidingComplete={[Function]}
        onStartShouldSetResponder={[Function]}
        onValueChange={[Function]}
        step={0}
        style={
          Array [
            Object {
              "height": 40,
            },
            undefined,
          ]
        }
        value={0}
      />
    </View>
  </View>
  <View
    style={
      Object {
        "marginTop": 20,
      }
    }
  >
    <Text
      accessible={true}
      allowFontScaling={true}
      ellipsizeMode="tail"
    >
      step: 0.25
    </Text>
    <View>
      <RCTSlider
        disabled={false}
        enabled={true}
        maximumTrackTintColor="#dddddd"
        maximumValue={1}
        minimumTrackTintColor="#108ee9"
        minimumValue={0}
        onChange={[Function]}
        onResponderTerminationRequest={[Function]}
        onSlidingComplete={[Function]}
        onStartShouldSetResponder={[Function]}
        onValueChange={[Function]}
        step={0.25}
        style={
          Array [
            Object {
              "height": 40,
            },
            undefined,
          ]
        }
        value={0.25}
      />
    </View>
  </View>
  <View
    style={
      Object {
        "marginTop": 20,
      }
    }
  >
    <Text
      accessible={true}
      allowFontScaling={true}
      ellipsizeMode="tail"
    >
      disabled
    </Text>
    <View>
      <RCTSlider
        disabled={true}
        enabled={false}
        maximumTrackTintColor="#dddddd"
        maximumValue={1}
        minimumTrackTintColor="#108ee9"
        minimumValue={0}
        onChange={[Function]}
        onResponderTerminationRequest={[Function]}
        onSlidingComplete={[Function]}
        onStartShouldSetResponder={[Function]}
        onValueChange={[Function]}
        step={0}
        style={
          Array [
            Object {
              "height": 40,
            },
            undefined,
          ]
        }
        value={0.25}
      />
    </View>
  </View>
  <View
    style={
      Object {
        "marginTop": 20,
      }
    }
  >
    <Text
      accessible={true}
      allowFontScaling={true}
      ellipsizeMode="tail"
    >
      onChange value: 
      0.25
    </Text>
    <View>
      <RCTSlider
        disabled={false}
        enabled={true}
        maximumTrackTintColor="#dddddd"
        maximumValue={1}
        minimumTrackTintColor="#108ee9"
        minimumValue={0}
        onChange={[Function]}
        onResponderTerminationRequest={[Function]}
        onSlidingComplete={[Function]}
        onStartShouldSetResponder={[Function]}
        onValueChange={[Function]}
        step={0}
        style={
          Array [
            Object {
              "height": 40,
            },
            undefined,
          ]
        }
        value={0.25}
      />
    </View>
  </View>
  <View
    style={
      Object {
        "marginTop": 20,
      }
    }
  >
    <Text
      accessible={true}
      allowFontScaling={true}
      ellipsizeMode="tail"
    >
      onAfterChange value: 
      0.15
    </Text>
    <View>
      <RCTSlider
        disabled={false}
        enabled={true}
        maximumTrackTintColor="#dddddd"
        maximumValue={1}
        minimumTrackTintColor="#108ee9"
        minimumValue={0}
        onChange={[Function]}
        onResponderTerminationRequest={[Function]}
        onSlidingComplete={[Function]}
        onStartShouldSetResponder={[Function]}
        onValueChange={[Function]}
        step={0}
        style={
          Array [
            Object {
              "height": 40,
            },
            undefined,
          ]
        }
        value={0.15}
      />
    </View>
  </View>
  <View
    style={
      Object {
        "marginTop": 20,
      }
    }
  >
    <Text
      accessible={true}
      allowFontScaling={true}
      ellipsizeMode="tail"
    >
      custom color: 
    </Text>
    <View>
      <RCTSlider
        disabled={false}
        enabled={true}
        maximumTrackTintColor="blue"
        maximumValue={1}
        minimumTrackTintColor="red"
        minimumValue={0}
        onChange={[Function]}
        onResponderTerminationRequest={[Function]}
        onSlidingComplete={[Function]}
        onStartShouldSetResponder={[Function]}
        onValueChange={[Function]}
        step={0}
        style={
          Array [
            Object {
              "height": 40,
            },
            undefined,
          ]
        }
        value={0.15}
      />
    </View>
  </View>
</View>
`;
